[2026-01-06 14:26:34] [INFO ] org.springframework.test.context.support.DefaultTestContextBootstrapper - Loaded default TestExecutionListener class names from location [META-INF/spring.factories]: [org.springframework.test.context.web.ServletTestExecutionListener, org.springframework.test.context.support.DirtiesContextBeforeModesTestExecutionListener, org.springframework.test.context.event.ApplicationEventsTestExecutionListener, org.springframework.test.context.support.DependencyInjectionTestExecutionListener, org.springframework.test.context.support.DirtiesContextTestExecutionListener, org.springframework.test.context.transaction.TransactionalTestExecutionListener, org.springframework.test.context.jdbc.SqlScriptsTestExecutionListener, org.springframework.test.context.event.EventPublishingTestExecutionListener]
[2026-01-06 14:26:34] [INFO ] org.springframework.test.context.support.DefaultTestContextBootstrapper - Using TestExecutionListeners: [org.springframework.test.context.web.ServletTestExecutionListener@72c8e7b, org.springframework.test.context.support.DirtiesContextBeforeModesTestExecutionListener@65f8f5ae, org.springframework.test.context.event.ApplicationEventsTestExecutionListener@431cd9b2, org.springframework.test.context.support.DependencyInjectionTestExecutionListener@38467116, org.springframework.test.context.support.DirtiesContextTestExecutionListener@5b7a7f33, org.springframework.test.context.transaction.TransactionalTestExecutionListener@790da477, org.springframework.test.context.jdbc.SqlScriptsTestExecutionListener@5c7933ad, org.springframework.test.context.event.EventPublishingTestExecutionListener@57bc27f5]
[2026-01-06 14:26:36] [DEBUG] com.pcwk.ehr.user.controller.UserController - ┌──────────────────────────┐
[2026-01-06 14:26:36] [DEBUG] com.pcwk.ehr.user.controller.UserController - │UserController()          │
[2026-01-06 14:26:36] [DEBUG] com.pcwk.ehr.user.controller.UserController - └──────────────────────────┘
[2026-01-06 14:26:36] [DEBUG] com.pcwk.ehr.diary.DiaryDaoTest - setup: 테스트 데이터 초기화
[2026-01-06 14:26:36] [INFO ] com.zaxxer.hikari.HikariDataSource - HikariPool-1 - Starting...
[2026-01-06 14:26:36] [WARN ] com.zaxxer.hikari.util.DriverDataSource - Registered driver with driverClassName=oracle.jdbc.driver.OracleDriver was not found, trying direct instantiation.
[2026-01-06 14:26:38] [INFO ] com.zaxxer.hikari.HikariDataSource - HikariPool-1 - Start completed.
[2026-01-06 14:26:38] [DEBUG] com.pcwk.ehr.mapper.DiaryMapper.deleteAll - ==>  Preparing: DELETE FROM diary
[2026-01-06 14:26:39] [DEBUG] com.pcwk.ehr.mapper.DiaryMapper.deleteAll - ==> Parameters: 
[2026-01-06 14:26:39] [DEBUG] com.pcwk.ehr.mapper.DiaryMapper.deleteAll - <==    Updates: 1
[2026-01-06 14:26:39] [DEBUG] com.pcwk.ehr.mapper.DiaryMapper.getCount - ==>  Preparing: SELECT COUNT(*) FROM diary
[2026-01-06 14:26:39] [DEBUG] com.pcwk.ehr.mapper.DiaryMapper.getCount - ==> Parameters: 
[2026-01-06 14:26:39] [DEBUG] com.pcwk.ehr.mapper.DiaryMapper.getCount - <==      Total: 1
[2026-01-06 14:26:39] [DEBUG] com.pcwk.ehr.mapper.DiaryMapper.saveAll - ==>  Preparing: INSERT INTO DIARY ( DIARY_SID, DIARY_TITLE, DIARY_CONTENT, DIARY_VIEWCOUNT, DIARY_RECCOUNT, DIARY_STATUS, DIARY_CATEGORY, DIARY_UPLOADDATE, REG_ID ) SELECT DIARY_SEQ.NEXTVAL AS diary_sid, '제목' || LEVEL AS diary_title, '내용' || LEVEL AS diary_content, LEVEL AS diary_viewcount, 0 AS diary_reccount, 'Y' AS diary_status, 10 AS diary_category, (SYSDATE - LEVEL) AS diary_uploaddate, 'user01' AS reg_id FROM dual CONNECT BY LEVEL <= 1002
[2026-01-06 14:26:39] [DEBUG] com.pcwk.ehr.mapper.DiaryMapper.saveAll - ==> Parameters: 
[2026-01-06 14:26:39] [DEBUG] com.pcwk.ehr.mapper.DiaryMapper.saveAll - <==    Updates: 1002
[2026-01-06 14:26:39] [DEBUG] com.pcwk.ehr.mapper.DiaryMapper.doRetrieve - ==>  Preparing: SELECT A.*, B.* FROM ( SELECT tt1.rnum AS no, tt1.diary_sid, tt1.diary_title, tt1.diary_content, tt1.diary_viewcount, tt1.diary_reccount, tt1.diary_status, tt1.diary_category, tt1.diary_uploaddate, tt1.diary_update, tt1.reg_id FROM ( SELECT ROWNUM AS rnum, t1.* FROM ( SELECT * FROM diary WHERE 1=1 ORDER BY diary_uploaddate DESC ) t1 WHERE ROWNUM <= (? * (? - 1) + ?) ) tt1 WHERE tt1.rnum >= (? * (? - 1) + 1) ) A CROSS JOIN ( SELECT COUNT(*) total_cnt FROM diary WHERE 1=1 ) B
[2026-01-06 14:26:39] [DEBUG] com.pcwk.ehr.mapper.DiaryMapper.doRetrieve - ==> Parameters: 10(Integer), 1(Integer), 10(Integer), 10(Integer), 1(Integer)
[2026-01-06 14:26:39] [DEBUG] com.pcwk.ehr.mapper.DiaryMapper.doRetrieve - <==      Total: 10
[2026-01-06 14:26:39] [DEBUG] com.pcwk.ehr.diary.DiaryDaoTest - diaryVO [diarySid=24289, diaryTitle=제목1, diaryContent=내용1, diaryViewCount=1, diaryRecCount=0, diaryStatus=Y, diaryCategory=10, diaryUploadDate=2026-01-05 14:26:39, diaryUpdate=null, regId=user01, toString()=DTO [no=1, totalCnt=1002, pageSize=0, pageNo=0, searchDiv=null, searchWord=null]]
[2026-01-06 14:26:39] [DEBUG] com.pcwk.ehr.diary.DiaryDaoTest - diaryVO [diarySid=24290, diaryTitle=제목2, diaryContent=내용2, diaryViewCount=2, diaryRecCount=0, diaryStatus=Y, diaryCategory=10, diaryUploadDate=2026-01-04 14:26:39, diaryUpdate=null, regId=user01, toString()=DTO [no=2, totalCnt=1002, pageSize=0, pageNo=0, searchDiv=null, searchWord=null]]
[2026-01-06 14:26:39] [DEBUG] com.pcwk.ehr.diary.DiaryDaoTest - diaryVO [diarySid=24291, diaryTitle=제목3, diaryContent=내용3, diaryViewCount=3, diaryRecCount=0, diaryStatus=Y, diaryCategory=10, diaryUploadDate=2026-01-03 14:26:39, diaryUpdate=null, regId=user01, toString()=DTO [no=3, totalCnt=1002, pageSize=0, pageNo=0, searchDiv=null, searchWord=null]]
[2026-01-06 14:26:39] [DEBUG] com.pcwk.ehr.diary.DiaryDaoTest - diaryVO [diarySid=24292, diaryTitle=제목4, diaryContent=내용4, diaryViewCount=4, diaryRecCount=0, diaryStatus=Y, diaryCategory=10, diaryUploadDate=2026-01-02 14:26:39, diaryUpdate=null, regId=user01, toString()=DTO [no=4, totalCnt=1002, pageSize=0, pageNo=0, searchDiv=null, searchWord=null]]
[2026-01-06 14:26:39] [DEBUG] com.pcwk.ehr.diary.DiaryDaoTest - diaryVO [diarySid=24293, diaryTitle=제목5, diaryContent=내용5, diaryViewCount=5, diaryRecCount=0, diaryStatus=Y, diaryCategory=10, diaryUploadDate=2026-01-01 14:26:39, diaryUpdate=null, regId=user01, toString()=DTO [no=5, totalCnt=1002, pageSize=0, pageNo=0, searchDiv=null, searchWord=null]]
[2026-01-06 14:26:39] [DEBUG] com.pcwk.ehr.diary.DiaryDaoTest - diaryVO [diarySid=24294, diaryTitle=제목6, diaryContent=내용6, diaryViewCount=6, diaryRecCount=0, diaryStatus=Y, diaryCategory=10, diaryUploadDate=2025-12-31 14:26:39, diaryUpdate=null, regId=user01, toString()=DTO [no=6, totalCnt=1002, pageSize=0, pageNo=0, searchDiv=null, searchWord=null]]
[2026-01-06 14:26:39] [DEBUG] com.pcwk.ehr.diary.DiaryDaoTest - diaryVO [diarySid=24295, diaryTitle=제목7, diaryContent=내용7, diaryViewCount=7, diaryRecCount=0, diaryStatus=Y, diaryCategory=10, diaryUploadDate=2025-12-30 14:26:39, diaryUpdate=null, regId=user01, toString()=DTO [no=7, totalCnt=1002, pageSize=0, pageNo=0, searchDiv=null, searchWord=null]]
[2026-01-06 14:26:39] [DEBUG] com.pcwk.ehr.diary.DiaryDaoTest - diaryVO [diarySid=24296, diaryTitle=제목8, diaryContent=내용8, diaryViewCount=8, diaryRecCount=0, diaryStatus=Y, diaryCategory=10, diaryUploadDate=2025-12-29 14:26:39, diaryUpdate=null, regId=user01, toString()=DTO [no=8, totalCnt=1002, pageSize=0, pageNo=0, searchDiv=null, searchWord=null]]
[2026-01-06 14:26:39] [DEBUG] com.pcwk.ehr.diary.DiaryDaoTest - diaryVO [diarySid=24297, diaryTitle=제목9, diaryContent=내용9, diaryViewCount=9, diaryRecCount=0, diaryStatus=Y, diaryCategory=10, diaryUploadDate=2025-12-28 14:26:39, diaryUpdate=null, regId=user01, toString()=DTO [no=9, totalCnt=1002, pageSize=0, pageNo=0, searchDiv=null, searchWord=null]]
[2026-01-06 14:26:39] [DEBUG] com.pcwk.ehr.diary.DiaryDaoTest - diaryVO [diarySid=24298, diaryTitle=제목10, diaryContent=내용10, diaryViewCount=10, diaryRecCount=0, diaryStatus=Y, diaryCategory=10, diaryUploadDate=2025-12-27 14:26:39, diaryUpdate=null, regId=user01, toString()=DTO [no=10, totalCnt=1002, pageSize=0, pageNo=0, searchDiv=null, searchWord=null]]
[2026-01-06 14:26:39] [DEBUG] com.pcwk.ehr.diary.DiaryDaoTest - 총 건수: 1002
[2026-01-06 14:26:39] [DEBUG] com.pcwk.ehr.diary.DiaryDaoTest - ┌──────────────────────────┐
[2026-01-06 14:26:39] [DEBUG] com.pcwk.ehr.diary.DiaryDaoTest - │─tearDown()               │
[2026-01-06 14:26:39] [DEBUG] com.pcwk.ehr.diary.DiaryDaoTest - └──────────────────────────┘
[2026-01-06 14:26:39] [DEBUG] com.pcwk.ehr.diary.DiaryDaoTest - setup: 테스트 데이터 초기화
[2026-01-06 14:26:39] [DEBUG] com.pcwk.ehr.mapper.DiaryMapper.deleteAll - ==>  Preparing: DELETE FROM diary
[2026-01-06 14:26:39] [DEBUG] com.pcwk.ehr.mapper.DiaryMapper.deleteAll - ==> Parameters: 
[2026-01-06 14:26:39] [DEBUG] com.pcwk.ehr.mapper.DiaryMapper.deleteAll - <==    Updates: 1002
[2026-01-06 14:26:39] [DEBUG] com.pcwk.ehr.mapper.UserMapper.deleteAll - ==>  Preparing: DELETE FROM users
[2026-01-06 14:26:39] [DEBUG] com.pcwk.ehr.mapper.UserMapper.deleteAll - ==> Parameters: 
[2026-01-06 14:26:39] [DEBUG] com.pcwk.ehr.mapper.UserMapper.deleteAll - <==    Updates: 4
[2026-01-06 14:26:39] [DEBUG] com.pcwk.ehr.mapper.UserMapper.doSave - ==>  Preparing: INSERT INTO users ( user_id, user_name, user_pw, user_tel, user_email, nickname, user_intro, last_rec_time, last_report_time, admin_chk ) VALUES ( ?, ?, ?, ?, ?, ?, ?, SYSDATE, SYSDATE, ? )
[2026-01-06 14:26:39] [DEBUG] com.pcwk.ehr.mapper.UserMapper.doSave - ==> Parameters: user01(String), 홍길동(String), 1234(String), 010-1111-1111(String), hong@gmail.com(String), 홍홍(String), 반가워요(String), N(String)
[2026-01-06 14:26:39] [DEBUG] com.pcwk.ehr.mapper.UserMapper.doSave - <==    Updates: 1
[2026-01-06 14:26:39] [DEBUG] com.pcwk.ehr.mapper.DiaryMapper.doSave!selectKey - ==>  Preparing: SELECT DIARY_SEQ.NEXTVAL FROM DUAL
[2026-01-06 14:26:39] [DEBUG] com.pcwk.ehr.mapper.DiaryMapper.doSave!selectKey - ==> Parameters: 
[2026-01-06 14:26:39] [DEBUG] com.pcwk.ehr.mapper.DiaryMapper.doSave!selectKey - <==      Total: 1
[2026-01-06 14:26:39] [DEBUG] com.pcwk.ehr.mapper.DiaryMapper.doSave - ==>  Preparing: INSERT INTO DIARY (DIARY_SID, DIARY_TITLE, DIARY_CONTENT, DIARY_VIEWCOUNT, DIARY_RECCOUNT, DIARY_STATUS, DIARY_CATEGORY, DIARY_UPLOADDATE, DIARY_UPDATE, REG_ID ) VALUES ( ?, ?, ?, 0, 0, ?, ?, sysdate, sysdate, ? )
[2026-01-06 14:26:39] [DEBUG] com.pcwk.ehr.mapper.DiaryMapper.doSave - ==> Parameters: 25291(Integer), 제목1(String), 내용1(String), Y(String), 10(Integer), user01(String)
[2026-01-06 14:26:39] [DEBUG] com.pcwk.ehr.mapper.DiaryMapper.doSave - <==    Updates: 1
[2026-01-06 14:26:39] [DEBUG] com.pcwk.ehr.mapper.DiaryMapper.doSave!selectKey - ==>  Preparing: SELECT DIARY_SEQ.NEXTVAL FROM DUAL
[2026-01-06 14:26:39] [DEBUG] com.pcwk.ehr.mapper.DiaryMapper.doSave!selectKey - ==> Parameters: 
[2026-01-06 14:26:39] [DEBUG] com.pcwk.ehr.mapper.DiaryMapper.doSave!selectKey - <==      Total: 1
[2026-01-06 14:26:39] [DEBUG] com.pcwk.ehr.mapper.DiaryMapper.doSave - ==>  Preparing: INSERT INTO DIARY (DIARY_SID, DIARY_TITLE, DIARY_CONTENT, DIARY_VIEWCOUNT, DIARY_RECCOUNT, DIARY_STATUS, DIARY_CATEGORY, DIARY_UPLOADDATE, DIARY_UPDATE, REG_ID ) VALUES ( ?, ?, ?, 0, 0, ?, ?, sysdate, sysdate, ? )
[2026-01-06 14:26:39] [DEBUG] com.pcwk.ehr.mapper.DiaryMapper.doSave - ==> Parameters: 25292(Integer), 제목2(String), 내용2(String), Y(String), 10(Integer), user01(String)
[2026-01-06 14:26:40] [DEBUG] com.pcwk.ehr.mapper.DiaryMapper.doSave - <==    Updates: 1
[2026-01-06 14:26:40] [DEBUG] com.pcwk.ehr.mapper.DiaryMapper.getCount - ==>  Preparing: SELECT COUNT(*) FROM diary
[2026-01-06 14:26:40] [DEBUG] com.pcwk.ehr.mapper.DiaryMapper.getCount - ==> Parameters: 
[2026-01-06 14:26:40] [DEBUG] com.pcwk.ehr.mapper.DiaryMapper.getCount - <==      Total: 1
[2026-01-06 14:26:40] [DEBUG] com.pcwk.ehr.diary.DiaryDaoTest - ┌──────────────────────────┐
[2026-01-06 14:26:40] [DEBUG] com.pcwk.ehr.diary.DiaryDaoTest - │─tearDown()               │
[2026-01-06 14:26:40] [DEBUG] com.pcwk.ehr.diary.DiaryDaoTest - └──────────────────────────┘
[2026-01-06 14:26:40] [DEBUG] com.pcwk.ehr.diary.DiaryDaoTest - setup: 테스트 데이터 초기화
[2026-01-06 14:26:40] [DEBUG] com.pcwk.ehr.mapper.DiaryMapper.deleteAll - ==>  Preparing: DELETE FROM diary
[2026-01-06 14:26:40] [DEBUG] com.pcwk.ehr.mapper.DiaryMapper.deleteAll - ==> Parameters: 
[2026-01-06 14:26:40] [DEBUG] com.pcwk.ehr.mapper.DiaryMapper.deleteAll - <==    Updates: 2
[2026-01-06 14:26:40] [DEBUG] com.pcwk.ehr.mapper.UserMapper.deleteAll - ==>  Preparing: DELETE FROM users
[2026-01-06 14:26:40] [DEBUG] com.pcwk.ehr.mapper.UserMapper.deleteAll - ==> Parameters: 
[2026-01-06 14:26:40] [DEBUG] com.pcwk.ehr.mapper.UserMapper.deleteAll - <==    Updates: 1
[2026-01-06 14:26:40] [DEBUG] com.pcwk.ehr.mapper.UserMapper.doSave - ==>  Preparing: INSERT INTO users ( user_id, user_name, user_pw, user_tel, user_email, nickname, user_intro, last_rec_time, last_report_time, admin_chk ) VALUES ( ?, ?, ?, ?, ?, ?, ?, SYSDATE, SYSDATE, ? )
[2026-01-06 14:26:40] [DEBUG] com.pcwk.ehr.mapper.UserMapper.doSave - ==> Parameters: user01(String), 홍길동(String), 1234(String), 010-1111-1111(String), hong@gmail.com(String), 홍홍(String), 반가워요(String), N(String)
[2026-01-06 14:26:40] [DEBUG] com.pcwk.ehr.mapper.UserMapper.doSave - <==    Updates: 1
[2026-01-06 14:26:40] [DEBUG] com.pcwk.ehr.mapper.DiaryMapper.getCount - ==>  Preparing: SELECT COUNT(*) FROM diary
[2026-01-06 14:26:40] [DEBUG] com.pcwk.ehr.mapper.DiaryMapper.getCount - ==> Parameters: 
[2026-01-06 14:26:40] [DEBUG] com.pcwk.ehr.mapper.DiaryMapper.getCount - <==      Total: 1
[2026-01-06 14:26:40] [DEBUG] com.pcwk.ehr.mapper.DiaryMapper.doSave!selectKey - ==>  Preparing: SELECT DIARY_SEQ.NEXTVAL FROM DUAL
[2026-01-06 14:26:40] [DEBUG] com.pcwk.ehr.mapper.DiaryMapper.doSave!selectKey - ==> Parameters: 
[2026-01-06 14:26:40] [DEBUG] com.pcwk.ehr.mapper.DiaryMapper.doSave!selectKey - <==      Total: 1
[2026-01-06 14:26:40] [DEBUG] com.pcwk.ehr.mapper.DiaryMapper.doSave - ==>  Preparing: INSERT INTO DIARY (DIARY_SID, DIARY_TITLE, DIARY_CONTENT, DIARY_VIEWCOUNT, DIARY_RECCOUNT, DIARY_STATUS, DIARY_CATEGORY, DIARY_UPLOADDATE, DIARY_UPDATE, REG_ID ) VALUES ( ?, ?, ?, 0, 0, ?, ?, sysdate, sysdate, ? )
[2026-01-06 14:26:40] [DEBUG] com.pcwk.ehr.mapper.DiaryMapper.doSave - ==> Parameters: 25293(Integer), 제목1(String), 내용1(String), Y(String), 10(Integer), user01(String)
[2026-01-06 14:26:40] [DEBUG] com.pcwk.ehr.mapper.DiaryMapper.doSave - <==    Updates: 1
[2026-01-06 14:26:40] [DEBUG] com.pcwk.ehr.diary.DiaryDaoTest - diary01:diaryVO [diarySid=25293, diaryTitle=제목1, diaryContent=내용1, diaryViewCount=0, diaryRecCount=0, diaryStatus=Y, diaryCategory=10, diaryUploadDate=임시reg_dt, diaryUpdate=임시update, regId=user01, toString()=DTO [no=0, totalCnt=0, pageSize=0, pageNo=0, searchDiv=null, searchWord=null]]
[2026-01-06 14:26:40] [DEBUG] com.pcwk.ehr.mapper.DiaryMapper.getCount - ==>  Preparing: SELECT COUNT(*) FROM diary
[2026-01-06 14:26:40] [DEBUG] com.pcwk.ehr.mapper.DiaryMapper.getCount - ==> Parameters: 
[2026-01-06 14:26:40] [DEBUG] com.pcwk.ehr.mapper.DiaryMapper.getCount - <==      Total: 1
[2026-01-06 14:26:40] [DEBUG] com.pcwk.ehr.mapper.DiaryMapper.doSelectOne - ==>  Preparing: SELECT diary_sid AS diarySid, diary_title AS diaryTitle, diary_content AS diaryContent, diary_viewcount AS diaryViewcount, diary_reccount AS diaryReccount, diary_status AS diaryStatus, diary_category AS diaryCategory, TO_CHAR(diary_uploaddate, 'YYYY-MM-DD HH24:MI:SS') AS diaryUploaddate, reg_id AS regId FROM diary WHERE diary_sid = ?
[2026-01-06 14:26:40] [DEBUG] com.pcwk.ehr.mapper.DiaryMapper.doSelectOne - ==> Parameters: 25293(Integer)
[2026-01-06 14:26:40] [DEBUG] com.pcwk.ehr.mapper.DiaryMapper.doSelectOne - <==      Total: 1
[2026-01-06 14:26:40] [DEBUG] com.pcwk.ehr.diary.DiaryDaoTest - outVO01:diaryVO [diarySid=25293, diaryTitle=제목1, diaryContent=내용1, diaryViewCount=0, diaryRecCount=0, diaryStatus=Y, diaryCategory=10, diaryUploadDate=2026-01-06 14:26:40, diaryUpdate=null, regId=user01, toString()=DTO [no=0, totalCnt=0, pageSize=0, pageNo=0, searchDiv=null, searchWord=null]]
[2026-01-06 14:26:40] [DEBUG] com.pcwk.ehr.mapper.DiaryMapper.doDelete - ==>  Preparing: DELETE FROM diary WHERE diary_sid = ?
[2026-01-06 14:26:40] [DEBUG] com.pcwk.ehr.mapper.DiaryMapper.doDelete - ==> Parameters: 25293(Integer)
[2026-01-06 14:26:40] [DEBUG] com.pcwk.ehr.mapper.DiaryMapper.doDelete - <==    Updates: 1
[2026-01-06 14:26:40] [DEBUG] com.pcwk.ehr.mapper.DiaryMapper.doSelectOne - ==>  Preparing: SELECT diary_sid AS diarySid, diary_title AS diaryTitle, diary_content AS diaryContent, diary_viewcount AS diaryViewcount, diary_reccount AS diaryReccount, diary_status AS diaryStatus, diary_category AS diaryCategory, TO_CHAR(diary_uploaddate, 'YYYY-MM-DD HH24:MI:SS') AS diaryUploaddate, reg_id AS regId FROM diary WHERE diary_sid = ?
[2026-01-06 14:26:40] [DEBUG] com.pcwk.ehr.mapper.DiaryMapper.doSelectOne - ==> Parameters: 25293(Integer)
[2026-01-06 14:26:40] [DEBUG] com.pcwk.ehr.mapper.DiaryMapper.doSelectOne - <==      Total: 0
[2026-01-06 14:26:40] [DEBUG] com.pcwk.ehr.diary.DiaryDaoTest - resultVO01:null
[2026-01-06 14:26:40] [DEBUG] com.pcwk.ehr.diary.DiaryDaoTest - ┌──────────────────────────┐
[2026-01-06 14:26:40] [DEBUG] com.pcwk.ehr.diary.DiaryDaoTest - │─tearDown()               │
[2026-01-06 14:26:40] [DEBUG] com.pcwk.ehr.diary.DiaryDaoTest - └──────────────────────────┘
[2026-01-06 14:26:40] [DEBUG] com.pcwk.ehr.diary.DiaryDaoTest - setup: 테스트 데이터 초기화
[2026-01-06 14:26:40] [DEBUG] com.pcwk.ehr.mapper.DiaryMapper.deleteAll - ==>  Preparing: DELETE FROM diary
[2026-01-06 14:26:40] [DEBUG] com.pcwk.ehr.mapper.DiaryMapper.deleteAll - ==> Parameters: 
[2026-01-06 14:26:40] [DEBUG] com.pcwk.ehr.mapper.DiaryMapper.deleteAll - <==    Updates: 0
[2026-01-06 14:26:40] [DEBUG] com.pcwk.ehr.mapper.UserMapper.deleteAll - ==>  Preparing: DELETE FROM users
[2026-01-06 14:26:40] [DEBUG] com.pcwk.ehr.mapper.UserMapper.deleteAll - ==> Parameters: 
[2026-01-06 14:26:40] [DEBUG] com.pcwk.ehr.mapper.UserMapper.deleteAll - <==    Updates: 1
[2026-01-06 14:26:40] [DEBUG] com.pcwk.ehr.mapper.UserMapper.doSave - ==>  Preparing: INSERT INTO users ( user_id, user_name, user_pw, user_tel, user_email, nickname, user_intro, last_rec_time, last_report_time, admin_chk ) VALUES ( ?, ?, ?, ?, ?, ?, ?, SYSDATE, SYSDATE, ? )
[2026-01-06 14:26:40] [DEBUG] com.pcwk.ehr.mapper.UserMapper.doSave - ==> Parameters: user01(String), 홍길동(String), 1234(String), 010-1111-1111(String), hong@gmail.com(String), 홍홍(String), 반가워요(String), N(String)
[2026-01-06 14:26:40] [DEBUG] com.pcwk.ehr.mapper.UserMapper.doSave - <==    Updates: 1
[2026-01-06 14:26:40] [DEBUG] com.pcwk.ehr.mapper.DiaryMapper.getCount - ==>  Preparing: SELECT COUNT(*) FROM diary
[2026-01-06 14:26:40] [DEBUG] com.pcwk.ehr.mapper.DiaryMapper.getCount - ==> Parameters: 
[2026-01-06 14:26:40] [DEBUG] com.pcwk.ehr.mapper.DiaryMapper.getCount - <==      Total: 1
[2026-01-06 14:26:40] [DEBUG] com.pcwk.ehr.mapper.DiaryMapper.doSave!selectKey - ==>  Preparing: SELECT DIARY_SEQ.NEXTVAL FROM DUAL
[2026-01-06 14:26:40] [DEBUG] com.pcwk.ehr.mapper.DiaryMapper.doSave!selectKey - ==> Parameters: 
[2026-01-06 14:26:40] [DEBUG] com.pcwk.ehr.mapper.DiaryMapper.doSave!selectKey - <==      Total: 1
[2026-01-06 14:26:40] [DEBUG] com.pcwk.ehr.mapper.DiaryMapper.doSave - ==>  Preparing: INSERT INTO DIARY (DIARY_SID, DIARY_TITLE, DIARY_CONTENT, DIARY_VIEWCOUNT, DIARY_RECCOUNT, DIARY_STATUS, DIARY_CATEGORY, DIARY_UPLOADDATE, DIARY_UPDATE, REG_ID ) VALUES ( ?, ?, ?, 0, 0, ?, ?, sysdate, sysdate, ? )
[2026-01-06 14:26:40] [DEBUG] com.pcwk.ehr.mapper.DiaryMapper.doSave - ==> Parameters: 25294(Integer), 제목1(String), 내용1(String), Y(String), 10(Integer), user01(String)
[2026-01-06 14:26:40] [DEBUG] com.pcwk.ehr.mapper.DiaryMapper.doSave - <==    Updates: 1
[2026-01-06 14:26:40] [DEBUG] com.pcwk.ehr.diary.DiaryDaoTest - diary01:diaryVO [diarySid=25294, diaryTitle=제목1, diaryContent=내용1, diaryViewCount=0, diaryRecCount=0, diaryStatus=Y, diaryCategory=10, diaryUploadDate=임시reg_dt, diaryUpdate=임시update, regId=user01, toString()=DTO [no=0, totalCnt=0, pageSize=0, pageNo=0, searchDiv=null, searchWord=null]]
[2026-01-06 14:26:40] [DEBUG] com.pcwk.ehr.mapper.DiaryMapper.getCount - ==>  Preparing: SELECT COUNT(*) FROM diary
[2026-01-06 14:26:40] [DEBUG] com.pcwk.ehr.mapper.DiaryMapper.getCount - ==> Parameters: 
[2026-01-06 14:26:40] [DEBUG] com.pcwk.ehr.mapper.DiaryMapper.getCount - <==      Total: 1
[2026-01-06 14:26:40] [DEBUG] com.pcwk.ehr.mapper.DiaryMapper.doSelectOne - ==>  Preparing: SELECT diary_sid AS diarySid, diary_title AS diaryTitle, diary_content AS diaryContent, diary_viewcount AS diaryViewcount, diary_reccount AS diaryReccount, diary_status AS diaryStatus, diary_category AS diaryCategory, TO_CHAR(diary_uploaddate, 'YYYY-MM-DD HH24:MI:SS') AS diaryUploaddate, reg_id AS regId FROM diary WHERE diary_sid = ?
[2026-01-06 14:26:40] [DEBUG] com.pcwk.ehr.mapper.DiaryMapper.doSelectOne - ==> Parameters: 25294(Integer)
[2026-01-06 14:26:40] [DEBUG] com.pcwk.ehr.mapper.DiaryMapper.doSelectOne - <==      Total: 1
[2026-01-06 14:26:40] [DEBUG] com.pcwk.ehr.diary.DiaryDaoTest - outVO01:diaryVO [diarySid=25294, diaryTitle=제목1, diaryContent=내용1, diaryViewCount=0, diaryRecCount=0, diaryStatus=Y, diaryCategory=10, diaryUploadDate=2026-01-06 14:26:40, diaryUpdate=null, regId=user01, toString()=DTO [no=0, totalCnt=0, pageSize=0, pageNo=0, searchDiv=null, searchWord=null]]
[2026-01-06 14:26:40] [DEBUG] com.pcwk.ehr.mapper.DiaryMapper.doUpdate - ==>  Preparing: UPDATE diary SET diary_title = ?, diary_content = ?, diary_status = ?, diary_category = ? WHERE diary_sid = ?
[2026-01-06 14:26:40] [DEBUG] com.pcwk.ehr.mapper.DiaryMapper.doUpdate - ==> Parameters: 제목1_U(String), 내용1(String), Y(String), 10(Integer), 25294(Integer)
[2026-01-06 14:26:40] [DEBUG] com.pcwk.ehr.mapper.DiaryMapper.doUpdate - <==    Updates: 1
[2026-01-06 14:26:40] [DEBUG] com.pcwk.ehr.mapper.DiaryMapper.doSelectOne - ==>  Preparing: SELECT diary_sid AS diarySid, diary_title AS diaryTitle, diary_content AS diaryContent, diary_viewcount AS diaryViewcount, diary_reccount AS diaryReccount, diary_status AS diaryStatus, diary_category AS diaryCategory, TO_CHAR(diary_uploaddate, 'YYYY-MM-DD HH24:MI:SS') AS diaryUploaddate, reg_id AS regId FROM diary WHERE diary_sid = ?
[2026-01-06 14:26:40] [DEBUG] com.pcwk.ehr.mapper.DiaryMapper.doSelectOne - ==> Parameters: 25294(Integer)
[2026-01-06 14:26:40] [DEBUG] com.pcwk.ehr.mapper.DiaryMapper.doSelectOne - <==      Total: 1
[2026-01-06 14:26:40] [DEBUG] com.pcwk.ehr.diary.DiaryDaoTest - resultVO01:diaryVO [diarySid=25294, diaryTitle=제목1_U, diaryContent=내용1, diaryViewCount=0, diaryRecCount=0, diaryStatus=Y, diaryCategory=10, diaryUploadDate=2026-01-06 14:26:40, diaryUpdate=null, regId=user01, toString()=DTO [no=0, totalCnt=0, pageSize=0, pageNo=0, searchDiv=null, searchWord=null]]
[2026-01-06 14:26:40] [DEBUG] com.pcwk.ehr.diary.DiaryDaoTest - ┌──────────────────────────┐
[2026-01-06 14:26:40] [DEBUG] com.pcwk.ehr.diary.DiaryDaoTest - │─tearDown()               │
[2026-01-06 14:26:40] [DEBUG] com.pcwk.ehr.diary.DiaryDaoTest - └──────────────────────────┘
[2026-01-06 14:26:40] [DEBUG] com.pcwk.ehr.diary.DiaryDaoTest - setup: 테스트 데이터 초기화
[2026-01-06 14:26:40] [DEBUG] com.pcwk.ehr.mapper.DiaryMapper.deleteAll - ==>  Preparing: DELETE FROM diary
[2026-01-06 14:26:40] [DEBUG] com.pcwk.ehr.mapper.DiaryMapper.deleteAll - ==> Parameters: 
[2026-01-06 14:26:40] [DEBUG] com.pcwk.ehr.mapper.DiaryMapper.deleteAll - <==    Updates: 1
[2026-01-06 14:26:40] [DEBUG] com.pcwk.ehr.mapper.UserMapper.deleteAll - ==>  Preparing: DELETE FROM users
[2026-01-06 14:26:40] [DEBUG] com.pcwk.ehr.mapper.UserMapper.deleteAll - ==> Parameters: 
[2026-01-06 14:26:40] [DEBUG] com.pcwk.ehr.mapper.UserMapper.deleteAll - <==    Updates: 1
[2026-01-06 14:26:40] [DEBUG] com.pcwk.ehr.mapper.UserMapper.doSave - ==>  Preparing: INSERT INTO users ( user_id, user_name, user_pw, user_tel, user_email, nickname, user_intro, last_rec_time, last_report_time, admin_chk ) VALUES ( ?, ?, ?, ?, ?, ?, ?, SYSDATE, SYSDATE, ? )
[2026-01-06 14:26:40] [DEBUG] com.pcwk.ehr.mapper.UserMapper.doSave - ==> Parameters: user01(String), 홍길동(String), 1234(String), 010-1111-1111(String), hong@gmail.com(String), 홍홍(String), 반가워요(String), N(String)
[2026-01-06 14:26:40] [DEBUG] com.pcwk.ehr.mapper.UserMapper.doSave - <==    Updates: 1
[2026-01-06 14:26:40] [DEBUG] com.pcwk.ehr.mapper.DiaryMapper.getCount - ==>  Preparing: SELECT COUNT(*) FROM diary
[2026-01-06 14:26:40] [DEBUG] com.pcwk.ehr.mapper.DiaryMapper.getCount - ==> Parameters: 
[2026-01-06 14:26:40] [DEBUG] com.pcwk.ehr.mapper.DiaryMapper.getCount - <==      Total: 1
[2026-01-06 14:26:40] [DEBUG] com.pcwk.ehr.mapper.DiaryMapper.doSave!selectKey - ==>  Preparing: SELECT DIARY_SEQ.NEXTVAL FROM DUAL
[2026-01-06 14:26:40] [DEBUG] com.pcwk.ehr.mapper.DiaryMapper.doSave!selectKey - ==> Parameters: 
[2026-01-06 14:26:40] [DEBUG] com.pcwk.ehr.mapper.DiaryMapper.doSave!selectKey - <==      Total: 1
[2026-01-06 14:26:40] [DEBUG] com.pcwk.ehr.mapper.DiaryMapper.doSave - ==>  Preparing: INSERT INTO DIARY (DIARY_SID, DIARY_TITLE, DIARY_CONTENT, DIARY_VIEWCOUNT, DIARY_RECCOUNT, DIARY_STATUS, DIARY_CATEGORY, DIARY_UPLOADDATE, DIARY_UPDATE, REG_ID ) VALUES ( ?, ?, ?, 0, 0, ?, ?, sysdate, sysdate, ? )
[2026-01-06 14:26:40] [DEBUG] com.pcwk.ehr.mapper.DiaryMapper.doSave - ==> Parameters: 25295(Integer), 제목1(String), 내용1(String), Y(String), 10(Integer), user01(String)
[2026-01-06 14:26:40] [DEBUG] com.pcwk.ehr.mapper.DiaryMapper.doSave - <==    Updates: 1
[2026-01-06 14:26:40] [DEBUG] com.pcwk.ehr.diary.DiaryDaoTest - diary01:diaryVO [diarySid=25295, diaryTitle=제목1, diaryContent=내용1, diaryViewCount=0, diaryRecCount=0, diaryStatus=Y, diaryCategory=10, diaryUploadDate=임시reg_dt, diaryUpdate=임시update, regId=user01, toString()=DTO [no=0, totalCnt=0, pageSize=0, pageNo=0, searchDiv=null, searchWord=null]]
[2026-01-06 14:26:40] [DEBUG] com.pcwk.ehr.mapper.DiaryMapper.getCount - ==>  Preparing: SELECT COUNT(*) FROM diary
[2026-01-06 14:26:40] [DEBUG] com.pcwk.ehr.mapper.DiaryMapper.getCount - ==> Parameters: 
[2026-01-06 14:26:40] [DEBUG] com.pcwk.ehr.mapper.DiaryMapper.getCount - <==      Total: 1
[2026-01-06 14:26:40] [DEBUG] com.pcwk.ehr.mapper.DiaryMapper.doSelectOne - ==>  Preparing: SELECT diary_sid AS diarySid, diary_title AS diaryTitle, diary_content AS diaryContent, diary_viewcount AS diaryViewcount, diary_reccount AS diaryReccount, diary_status AS diaryStatus, diary_category AS diaryCategory, TO_CHAR(diary_uploaddate, 'YYYY-MM-DD HH24:MI:SS') AS diaryUploaddate, reg_id AS regId FROM diary WHERE diary_sid = ?
[2026-01-06 14:26:40] [DEBUG] com.pcwk.ehr.mapper.DiaryMapper.doSelectOne - ==> Parameters: 25295(Integer)
[2026-01-06 14:26:40] [DEBUG] com.pcwk.ehr.mapper.DiaryMapper.doSelectOne - <==      Total: 1
[2026-01-06 14:26:40] [DEBUG] com.pcwk.ehr.diary.DiaryDaoTest - outVO01:diaryVO [diarySid=25295, diaryTitle=제목1, diaryContent=내용1, diaryViewCount=0, diaryRecCount=0, diaryStatus=Y, diaryCategory=10, diaryUploadDate=2026-01-06 14:26:40, diaryUpdate=null, regId=user01, toString()=DTO [no=0, totalCnt=0, pageSize=0, pageNo=0, searchDiv=null, searchWord=null]]
[2026-01-06 14:26:40] [DEBUG] com.pcwk.ehr.diary.DiaryDaoTest - ┌──────────────────────────┐
[2026-01-06 14:26:40] [DEBUG] com.pcwk.ehr.diary.DiaryDaoTest - │─tearDown()               │
[2026-01-06 14:26:40] [DEBUG] com.pcwk.ehr.diary.DiaryDaoTest - └──────────────────────────┘
[2026-01-06 14:26:40] [INFO ] com.zaxxer.hikari.HikariDataSource - HikariPool-1 - Shutdown initiated...
[2026-01-06 14:26:40] [INFO ] com.zaxxer.hikari.HikariDataSource - HikariPool-1 - Shutdown completed.
[2026-01-06 14:31:18] [INFO ] org.springframework.test.context.support.DefaultTestContextBootstrapper - Loaded default TestExecutionListener class names from location [META-INF/spring.factories]: [org.springframework.test.context.web.ServletTestExecutionListener, org.springframework.test.context.support.DirtiesContextBeforeModesTestExecutionListener, org.springframework.test.context.event.ApplicationEventsTestExecutionListener, org.springframework.test.context.support.DependencyInjectionTestExecutionListener, org.springframework.test.context.support.DirtiesContextTestExecutionListener, org.springframework.test.context.transaction.TransactionalTestExecutionListener, org.springframework.test.context.jdbc.SqlScriptsTestExecutionListener, org.springframework.test.context.event.EventPublishingTestExecutionListener]
[2026-01-06 14:31:18] [INFO ] org.springframework.test.context.support.DefaultTestContextBootstrapper - Using TestExecutionListeners: [org.springframework.test.context.web.ServletTestExecutionListener@5f8e8a9d, org.springframework.test.context.support.DirtiesContextBeforeModesTestExecutionListener@5745ca0e, org.springframework.test.context.event.ApplicationEventsTestExecutionListener@3ad83a66, org.springframework.test.context.support.DependencyInjectionTestExecutionListener@3cce5371, org.springframework.test.context.support.DirtiesContextTestExecutionListener@17bffc17, org.springframework.test.context.transaction.TransactionalTestExecutionListener@6e535154, org.springframework.test.context.jdbc.SqlScriptsTestExecutionListener@15a34df2, org.springframework.test.context.event.EventPublishingTestExecutionListener@5b38c1ec]
[2026-01-06 14:31:20] [DEBUG] com.pcwk.ehr.user.controller.UserController - ┌──────────────────────────┐
[2026-01-06 14:31:20] [DEBUG] com.pcwk.ehr.user.controller.UserController - │UserController()          │
[2026-01-06 14:31:20] [DEBUG] com.pcwk.ehr.user.controller.UserController - └──────────────────────────┘
[2026-01-06 14:31:20] [DEBUG] com.pcwk.ehr.diary.DiaryServiceTest - setup: 테스트 데이터 초기화
[2026-01-06 14:31:20] [DEBUG] com.pcwk.ehr.diary.DiaryServiceTest - ┌---------------------------┐
[2026-01-06 14:31:20] [DEBUG] com.pcwk.ehr.diary.DiaryServiceTest - │doSelectOne()             │
[2026-01-06 14:31:20] [DEBUG] com.pcwk.ehr.diary.DiaryServiceTest - └---------------------------┘
[2026-01-06 14:31:20] [INFO ] com.zaxxer.hikari.HikariDataSource - HikariPool-1 - Starting...
[2026-01-06 14:31:21] [WARN ] com.zaxxer.hikari.util.DriverDataSource - Registered driver with driverClassName=oracle.jdbc.driver.OracleDriver was not found, trying direct instantiation.
[2026-01-06 14:31:23] [INFO ] com.zaxxer.hikari.HikariDataSource - HikariPool-1 - Start completed.
[2026-01-06 14:31:23] [DEBUG] com.pcwk.ehr.mapper.DiaryMapper.doSelectOne - ==>  Preparing: SELECT diary_sid AS diarySid, diary_title AS diaryTitle, diary_content AS diaryContent, diary_viewcount AS diaryViewcount, diary_reccount AS diaryReccount, diary_status AS diaryStatus, diary_category AS diaryCategory, TO_CHAR(diary_uploaddate, 'YYYY-MM-DD HH24:MI:SS') AS diaryUploaddate, reg_id AS regId FROM diary WHERE diary_sid = ?
[2026-01-06 14:31:23] [DEBUG] com.pcwk.ehr.mapper.DiaryMapper.doSelectOne - ==> Parameters: 0(Integer)
[2026-01-06 14:31:23] [DEBUG] com.pcwk.ehr.mapper.DiaryMapper.doSelectOne - <==      Total: 0
[2026-01-06 14:31:23] [DEBUG] com.pcwk.ehr.diary.DiaryServiceTest - beforeVO: null
[2026-01-06 14:31:23] [DEBUG] com.pcwk.ehr.diary.DiaryServiceTest - ┌──────────────────────────┐
[2026-01-06 14:31:23] [DEBUG] com.pcwk.ehr.diary.DiaryServiceTest - │─tearDown()               │
[2026-01-06 14:31:23] [DEBUG] com.pcwk.ehr.diary.DiaryServiceTest - └──────────────────────────┘
[2026-01-06 14:31:23] [INFO ] com.zaxxer.hikari.HikariDataSource - HikariPool-1 - Shutdown initiated...
[2026-01-06 14:31:23] [INFO ] com.zaxxer.hikari.HikariDataSource - HikariPool-1 - Shutdown completed.
[2026-01-06 14:32:49] [INFO ] org.springframework.test.context.support.DefaultTestContextBootstrapper - Loaded default TestExecutionListener class names from location [META-INF/spring.factories]: [org.springframework.test.context.web.ServletTestExecutionListener, org.springframework.test.context.support.DirtiesContextBeforeModesTestExecutionListener, org.springframework.test.context.event.ApplicationEventsTestExecutionListener, org.springframework.test.context.support.DependencyInjectionTestExecutionListener, org.springframework.test.context.support.DirtiesContextTestExecutionListener, org.springframework.test.context.transaction.TransactionalTestExecutionListener, org.springframework.test.context.jdbc.SqlScriptsTestExecutionListener, org.springframework.test.context.event.EventPublishingTestExecutionListener]
[2026-01-06 14:32:49] [INFO ] org.springframework.test.context.support.DefaultTestContextBootstrapper - Using TestExecutionListeners: [org.springframework.test.context.web.ServletTestExecutionListener@5f8e8a9d, org.springframework.test.context.support.DirtiesContextBeforeModesTestExecutionListener@5745ca0e, org.springframework.test.context.event.ApplicationEventsTestExecutionListener@3ad83a66, org.springframework.test.context.support.DependencyInjectionTestExecutionListener@3cce5371, org.springframework.test.context.support.DirtiesContextTestExecutionListener@17bffc17, org.springframework.test.context.transaction.TransactionalTestExecutionListener@6e535154, org.springframework.test.context.jdbc.SqlScriptsTestExecutionListener@15a34df2, org.springframework.test.context.event.EventPublishingTestExecutionListener@5b38c1ec]
[2026-01-06 14:32:50] [DEBUG] com.pcwk.ehr.user.controller.UserController - ┌──────────────────────────┐
[2026-01-06 14:32:50] [DEBUG] com.pcwk.ehr.user.controller.UserController - │UserController()          │
[2026-01-06 14:32:50] [DEBUG] com.pcwk.ehr.user.controller.UserController - └──────────────────────────┘
[2026-01-06 14:32:50] [DEBUG] com.pcwk.ehr.diary.DiaryServiceTest - setup: 테스트 데이터 초기화
[2026-01-06 14:32:50] [DEBUG] com.pcwk.ehr.diary.DiaryServiceTest - ┌---------------------------┐
[2026-01-06 14:32:50] [DEBUG] com.pcwk.ehr.diary.DiaryServiceTest - │doSelectOne()             │
[2026-01-06 14:32:50] [DEBUG] com.pcwk.ehr.diary.DiaryServiceTest - └---------------------------┘
[2026-01-06 14:32:51] [INFO ] com.zaxxer.hikari.HikariDataSource - HikariPool-1 - Starting...
[2026-01-06 14:32:51] [WARN ] com.zaxxer.hikari.util.DriverDataSource - Registered driver with driverClassName=oracle.jdbc.driver.OracleDriver was not found, trying direct instantiation.
[2026-01-06 14:32:53] [INFO ] com.zaxxer.hikari.HikariDataSource - HikariPool-1 - Start completed.
[2026-01-06 14:32:53] [DEBUG] com.pcwk.ehr.mapper.DiaryMapper.deleteAll - ==>  Preparing: DELETE FROM diary
[2026-01-06 14:32:53] [DEBUG] com.pcwk.ehr.mapper.DiaryMapper.deleteAll - ==> Parameters: 
[2026-01-06 14:32:53] [DEBUG] com.pcwk.ehr.mapper.DiaryMapper.deleteAll - <==    Updates: 1
[2026-01-06 14:32:53] [DEBUG] com.pcwk.ehr.mapper.UserMapper.deleteAll - ==>  Preparing: DELETE FROM users
[2026-01-06 14:32:53] [DEBUG] com.pcwk.ehr.mapper.UserMapper.deleteAll - ==> Parameters: 
[2026-01-06 14:32:53] [DEBUG] com.pcwk.ehr.mapper.UserMapper.deleteAll - <==    Updates: 1
[2026-01-06 14:32:53] [DEBUG] com.pcwk.ehr.mapper.UserMapper.doSave - ==>  Preparing: INSERT INTO users ( user_id, user_name, user_pw, user_tel, user_email, nickname, user_intro, last_rec_time, last_report_time, admin_chk ) VALUES ( ?, ?, ?, ?, ?, ?, ?, SYSDATE, SYSDATE, ? )
[2026-01-06 14:32:53] [DEBUG] com.pcwk.ehr.mapper.UserMapper.doSave - ==> Parameters: user01(String), 홍길동(String), 1234(String), 010-1111-1111(String), hong@gmail.com(String), 홍홍(String), 반가워요(String), N(String)
[2026-01-06 14:32:53] [DEBUG] com.pcwk.ehr.mapper.UserMapper.doSave - <==    Updates: 1
[2026-01-06 14:32:53] [DEBUG] com.pcwk.ehr.mapper.DiaryMapper.doSave!selectKey - ==>  Preparing: SELECT DIARY_SEQ.NEXTVAL FROM DUAL
[2026-01-06 14:32:53] [DEBUG] com.pcwk.ehr.mapper.DiaryMapper.doSave!selectKey - ==> Parameters: 
[2026-01-06 14:32:53] [DEBUG] com.pcwk.ehr.mapper.DiaryMapper.doSave!selectKey - <==      Total: 1
[2026-01-06 14:32:53] [DEBUG] com.pcwk.ehr.mapper.DiaryMapper.doSave - ==>  Preparing: INSERT INTO DIARY (DIARY_SID, DIARY_TITLE, DIARY_CONTENT, DIARY_VIEWCOUNT, DIARY_RECCOUNT, DIARY_STATUS, DIARY_CATEGORY, DIARY_UPLOADDATE, DIARY_UPDATE, REG_ID ) VALUES ( ?, ?, ?, 0, 0, ?, ?, sysdate, sysdate, ? )
[2026-01-06 14:32:53] [DEBUG] com.pcwk.ehr.mapper.DiaryMapper.doSave - ==> Parameters: 25296(Integer), 제목1(String), 내용1(String), Y(String), 10(Integer), user01(String)
[2026-01-06 14:32:53] [DEBUG] com.pcwk.ehr.mapper.DiaryMapper.doSave - <==    Updates: 1
[2026-01-06 14:32:53] [DEBUG] com.pcwk.ehr.mapper.DiaryMapper.doSelectOne - ==>  Preparing: SELECT diary_sid AS diarySid, diary_title AS diaryTitle, diary_content AS diaryContent, diary_viewcount AS diaryViewcount, diary_reccount AS diaryReccount, diary_status AS diaryStatus, diary_category AS diaryCategory, TO_CHAR(diary_uploaddate, 'YYYY-MM-DD HH24:MI:SS') AS diaryUploaddate, reg_id AS regId FROM diary WHERE diary_sid = ?
[2026-01-06 14:32:53] [DEBUG] com.pcwk.ehr.mapper.DiaryMapper.doSelectOne - ==> Parameters: 25296(Integer)
[2026-01-06 14:32:53] [DEBUG] com.pcwk.ehr.mapper.DiaryMapper.doSelectOne - <==      Total: 1
[2026-01-06 14:32:53] [DEBUG] com.pcwk.ehr.diary.DiaryServiceTest - beforeVO: diaryVO [diarySid=25296, diaryTitle=제목1, diaryContent=내용1, diaryViewCount=0, diaryRecCount=0, diaryStatus=Y, diaryCategory=10, diaryUploadDate=2026-01-06 14:32:53, diaryUpdate=null, regId=user01, toString()=DTO [no=0, totalCnt=0, pageSize=0, pageNo=0, searchDiv=null, searchWord=null]]
[2026-01-06 14:32:53] [DEBUG] com.pcwk.ehr.mapper.DiaryMapper.doSelectOne - ==>  Preparing: SELECT diary_sid AS diarySid, diary_title AS diaryTitle, diary_content AS diaryContent, diary_viewcount AS diaryViewcount, diary_reccount AS diaryReccount, diary_status AS diaryStatus, diary_category AS diaryCategory, TO_CHAR(diary_uploaddate, 'YYYY-MM-DD HH24:MI:SS') AS diaryUploaddate, reg_id AS regId FROM diary WHERE diary_sid = ?
[2026-01-06 14:32:53] [DEBUG] com.pcwk.ehr.mapper.DiaryMapper.doSelectOne - ==> Parameters: 25296(Integer)
[2026-01-06 14:32:53] [DEBUG] com.pcwk.ehr.mapper.DiaryMapper.doSelectOne - <==      Total: 1
[2026-01-06 14:32:53] [DEBUG] com.pcwk.ehr.diary.DiaryServiceTest - afterVO: diaryVO [diarySid=25296, diaryTitle=제목1, diaryContent=내용1, diaryViewCount=0, diaryRecCount=0, diaryStatus=Y, diaryCategory=10, diaryUploadDate=2026-01-06 14:32:53, diaryUpdate=null, regId=user01, toString()=DTO [no=0, totalCnt=0, pageSize=0, pageNo=0, searchDiv=null, searchWord=null]]
[2026-01-06 14:32:53] [DEBUG] com.pcwk.ehr.diary.DiaryServiceTest - ┌──────────────────────────┐
[2026-01-06 14:32:53] [DEBUG] com.pcwk.ehr.diary.DiaryServiceTest - │─tearDown()               │
[2026-01-06 14:32:53] [DEBUG] com.pcwk.ehr.diary.DiaryServiceTest - └──────────────────────────┘
[2026-01-06 14:32:53] [INFO ] com.zaxxer.hikari.HikariDataSource - HikariPool-1 - Shutdown initiated...
[2026-01-06 14:32:53] [INFO ] com.zaxxer.hikari.HikariDataSource - HikariPool-1 - Shutdown completed.
[2026-01-06 14:33:19] [INFO ] org.springframework.test.context.support.DefaultTestContextBootstrapper - Loaded default TestExecutionListener class names from location [META-INF/spring.factories]: [org.springframework.test.context.web.ServletTestExecutionListener, org.springframework.test.context.support.DirtiesContextBeforeModesTestExecutionListener, org.springframework.test.context.event.ApplicationEventsTestExecutionListener, org.springframework.test.context.support.DependencyInjectionTestExecutionListener, org.springframework.test.context.support.DirtiesContextTestExecutionListener, org.springframework.test.context.transaction.TransactionalTestExecutionListener, org.springframework.test.context.jdbc.SqlScriptsTestExecutionListener, org.springframework.test.context.event.EventPublishingTestExecutionListener]
[2026-01-06 14:33:19] [INFO ] org.springframework.test.context.support.DefaultTestContextBootstrapper - Using TestExecutionListeners: [org.springframework.test.context.web.ServletTestExecutionListener@5f8e8a9d, org.springframework.test.context.support.DirtiesContextBeforeModesTestExecutionListener@5745ca0e, org.springframework.test.context.event.ApplicationEventsTestExecutionListener@3ad83a66, org.springframework.test.context.support.DependencyInjectionTestExecutionListener@3cce5371, org.springframework.test.context.support.DirtiesContextTestExecutionListener@17bffc17, org.springframework.test.context.transaction.TransactionalTestExecutionListener@6e535154, org.springframework.test.context.jdbc.SqlScriptsTestExecutionListener@15a34df2, org.springframework.test.context.event.EventPublishingTestExecutionListener@5b38c1ec]
[2026-01-06 14:33:21] [DEBUG] com.pcwk.ehr.user.controller.UserController - ┌──────────────────────────┐
[2026-01-06 14:33:21] [DEBUG] com.pcwk.ehr.user.controller.UserController - │UserController()          │
[2026-01-06 14:33:21] [DEBUG] com.pcwk.ehr.user.controller.UserController - └──────────────────────────┘
[2026-01-06 14:33:21] [DEBUG] com.pcwk.ehr.diary.DiaryServiceTest - setup: 테스트 데이터 초기화
[2026-01-06 14:33:21] [DEBUG] com.pcwk.ehr.diary.DiaryServiceTest - ┌---------------------------┐
[2026-01-06 14:33:21] [DEBUG] com.pcwk.ehr.diary.DiaryServiceTest - │doSelectOne()             │
[2026-01-06 14:33:21] [DEBUG] com.pcwk.ehr.diary.DiaryServiceTest - └---------------------------┘
[2026-01-06 14:33:21] [INFO ] com.zaxxer.hikari.HikariDataSource - HikariPool-1 - Starting...
[2026-01-06 14:33:21] [WARN ] com.zaxxer.hikari.util.DriverDataSource - Registered driver with driverClassName=oracle.jdbc.driver.OracleDriver was not found, trying direct instantiation.
[2026-01-06 14:33:23] [INFO ] com.zaxxer.hikari.HikariDataSource - HikariPool-1 - Start completed.
[2026-01-06 14:33:23] [DEBUG] com.pcwk.ehr.mapper.DiaryMapper.deleteAll - ==>  Preparing: DELETE FROM diary
[2026-01-06 14:33:23] [DEBUG] com.pcwk.ehr.mapper.DiaryMapper.deleteAll - ==> Parameters: 
[2026-01-06 14:33:23] [DEBUG] com.pcwk.ehr.mapper.DiaryMapper.deleteAll - <==    Updates: 1
[2026-01-06 14:33:23] [DEBUG] com.pcwk.ehr.mapper.UserMapper.deleteAll - ==>  Preparing: DELETE FROM users
[2026-01-06 14:33:23] [DEBUG] com.pcwk.ehr.mapper.UserMapper.deleteAll - ==> Parameters: 
[2026-01-06 14:33:23] [DEBUG] com.pcwk.ehr.mapper.UserMapper.deleteAll - <==    Updates: 1
[2026-01-06 14:33:23] [DEBUG] com.pcwk.ehr.mapper.UserMapper.doSave - ==>  Preparing: INSERT INTO users ( user_id, user_name, user_pw, user_tel, user_email, nickname, user_intro, last_rec_time, last_report_time, admin_chk ) VALUES ( ?, ?, ?, ?, ?, ?, ?, SYSDATE, SYSDATE, ? )
[2026-01-06 14:33:23] [DEBUG] com.pcwk.ehr.mapper.UserMapper.doSave - ==> Parameters: user01(String), 홍길동(String), 1234(String), 010-1111-1111(String), hong@gmail.com(String), 홍홍(String), 반가워요(String), N(String)
[2026-01-06 14:33:23] [DEBUG] com.pcwk.ehr.mapper.UserMapper.doSave - <==    Updates: 1
[2026-01-06 14:33:23] [DEBUG] com.pcwk.ehr.mapper.DiaryMapper.doSave!selectKey - ==>  Preparing: SELECT DIARY_SEQ.NEXTVAL FROM DUAL
[2026-01-06 14:33:23] [DEBUG] com.pcwk.ehr.mapper.DiaryMapper.doSave!selectKey - ==> Parameters: 
[2026-01-06 14:33:23] [DEBUG] com.pcwk.ehr.mapper.DiaryMapper.doSave!selectKey - <==      Total: 1
[2026-01-06 14:33:23] [DEBUG] com.pcwk.ehr.mapper.DiaryMapper.doSave - ==>  Preparing: INSERT INTO DIARY (DIARY_SID, DIARY_TITLE, DIARY_CONTENT, DIARY_VIEWCOUNT, DIARY_RECCOUNT, DIARY_STATUS, DIARY_CATEGORY, DIARY_UPLOADDATE, DIARY_UPDATE, REG_ID ) VALUES ( ?, ?, ?, 0, 0, ?, ?, sysdate, sysdate, ? )
[2026-01-06 14:33:23] [DEBUG] com.pcwk.ehr.mapper.DiaryMapper.doSave - ==> Parameters: 25297(Integer), 제목1(String), 내용1(String), Y(String), 10(Integer), user01(String)
[2026-01-06 14:33:23] [DEBUG] com.pcwk.ehr.mapper.DiaryMapper.doSave - <==    Updates: 1
[2026-01-06 14:33:23] [DEBUG] com.pcwk.ehr.mapper.DiaryMapper.doSelectOne - ==>  Preparing: SELECT diary_sid AS diarySid, diary_title AS diaryTitle, diary_content AS diaryContent, diary_viewcount AS diaryViewcount, diary_reccount AS diaryReccount, diary_status AS diaryStatus, diary_category AS diaryCategory, TO_CHAR(diary_uploaddate, 'YYYY-MM-DD HH24:MI:SS') AS diaryUploaddate, reg_id AS regId FROM diary WHERE diary_sid = ?
[2026-01-06 14:33:23] [DEBUG] com.pcwk.ehr.mapper.DiaryMapper.doSelectOne - ==> Parameters: 25297(Integer)
[2026-01-06 14:33:23] [DEBUG] com.pcwk.ehr.mapper.DiaryMapper.doSelectOne - <==      Total: 1
[2026-01-06 14:33:23] [DEBUG] com.pcwk.ehr.diary.DiaryServiceTest - beforeVO: diaryVO [diarySid=25297, diaryTitle=제목1, diaryContent=내용1, diaryViewCount=0, diaryRecCount=0, diaryStatus=Y, diaryCategory=10, diaryUploadDate=2026-01-06 14:33:23, diaryUpdate=null, regId=user01, toString()=DTO [no=0, totalCnt=0, pageSize=0, pageNo=0, searchDiv=null, searchWord=null]]
[2026-01-06 14:33:23] [DEBUG] com.pcwk.ehr.mapper.DiaryMapper.doSelectOne - ==>  Preparing: SELECT diary_sid AS diarySid, diary_title AS diaryTitle, diary_content AS diaryContent, diary_viewcount AS diaryViewcount, diary_reccount AS diaryReccount, diary_status AS diaryStatus, diary_category AS diaryCategory, TO_CHAR(diary_uploaddate, 'YYYY-MM-DD HH24:MI:SS') AS diaryUploaddate, reg_id AS regId FROM diary WHERE diary_sid = ?
[2026-01-06 14:33:23] [DEBUG] com.pcwk.ehr.mapper.DiaryMapper.doSelectOne - ==> Parameters: 25297(Integer)
[2026-01-06 14:33:23] [DEBUG] com.pcwk.ehr.mapper.DiaryMapper.doSelectOne - <==      Total: 1
[2026-01-06 14:33:23] [DEBUG] com.pcwk.ehr.diary.DiaryServiceTest - afterVO: diaryVO [diarySid=25297, diaryTitle=제목1, diaryContent=내용1, diaryViewCount=0, diaryRecCount=0, diaryStatus=Y, diaryCategory=10, diaryUploadDate=2026-01-06 14:33:23, diaryUpdate=null, regId=user01, toString()=DTO [no=0, totalCnt=0, pageSize=0, pageNo=0, searchDiv=null, searchWord=null]]
[2026-01-06 14:33:23] [DEBUG] com.pcwk.ehr.diary.DiaryServiceTest - ┌──────────────────────────┐
[2026-01-06 14:33:23] [DEBUG] com.pcwk.ehr.diary.DiaryServiceTest - │─tearDown()               │
[2026-01-06 14:33:23] [DEBUG] com.pcwk.ehr.diary.DiaryServiceTest - └──────────────────────────┘
[2026-01-06 14:33:23] [INFO ] com.zaxxer.hikari.HikariDataSource - HikariPool-1 - Shutdown initiated...
[2026-01-06 14:33:23] [INFO ] com.zaxxer.hikari.HikariDataSource - HikariPool-1 - Shutdown completed.
[2026-01-06 14:35:24] [INFO ] org.springframework.test.context.support.DefaultTestContextBootstrapper - Loaded default TestExecutionListener class names from location [META-INF/spring.factories]: [org.springframework.test.context.web.ServletTestExecutionListener, org.springframework.test.context.support.DirtiesContextBeforeModesTestExecutionListener, org.springframework.test.context.event.ApplicationEventsTestExecutionListener, org.springframework.test.context.support.DependencyInjectionTestExecutionListener, org.springframework.test.context.support.DirtiesContextTestExecutionListener, org.springframework.test.context.transaction.TransactionalTestExecutionListener, org.springframework.test.context.jdbc.SqlScriptsTestExecutionListener, org.springframework.test.context.event.EventPublishingTestExecutionListener]
[2026-01-06 14:35:24] [INFO ] org.springframework.test.context.support.DefaultTestContextBootstrapper - Using TestExecutionListeners: [org.springframework.test.context.web.ServletTestExecutionListener@5f8e8a9d, org.springframework.test.context.support.DirtiesContextBeforeModesTestExecutionListener@5745ca0e, org.springframework.test.context.event.ApplicationEventsTestExecutionListener@3ad83a66, org.springframework.test.context.support.DependencyInjectionTestExecutionListener@3cce5371, org.springframework.test.context.support.DirtiesContextTestExecutionListener@17bffc17, org.springframework.test.context.transaction.TransactionalTestExecutionListener@6e535154, org.springframework.test.context.jdbc.SqlScriptsTestExecutionListener@15a34df2, org.springframework.test.context.event.EventPublishingTestExecutionListener@5b38c1ec]
[2026-01-06 14:35:26] [DEBUG] com.pcwk.ehr.user.controller.UserController - ┌──────────────────────────┐
[2026-01-06 14:35:26] [DEBUG] com.pcwk.ehr.user.controller.UserController - │UserController()          │
[2026-01-06 14:35:26] [DEBUG] com.pcwk.ehr.user.controller.UserController - └──────────────────────────┘
[2026-01-06 14:35:26] [DEBUG] com.pcwk.ehr.diary.DiaryServiceTest - setup: 테스트 데이터 초기화
[2026-01-06 14:35:26] [DEBUG] com.pcwk.ehr.diary.DiaryServiceTest - ┌---------------------------┐
[2026-01-06 14:35:26] [DEBUG] com.pcwk.ehr.diary.DiaryServiceTest - │doSelectOne()             │
[2026-01-06 14:35:26] [DEBUG] com.pcwk.ehr.diary.DiaryServiceTest - └---------------------------┘
[2026-01-06 14:35:26] [INFO ] com.zaxxer.hikari.HikariDataSource - HikariPool-1 - Starting...
[2026-01-06 14:35:26] [WARN ] com.zaxxer.hikari.util.DriverDataSource - Registered driver with driverClassName=oracle.jdbc.driver.OracleDriver was not found, trying direct instantiation.
[2026-01-06 14:35:28] [INFO ] com.zaxxer.hikari.HikariDataSource - HikariPool-1 - Start completed.
[2026-01-06 14:35:28] [DEBUG] com.pcwk.ehr.mapper.DiaryMapper.deleteAll - ==>  Preparing: DELETE FROM diary
[2026-01-06 14:35:29] [DEBUG] com.pcwk.ehr.mapper.DiaryMapper.deleteAll - ==> Parameters: 
[2026-01-06 14:35:29] [DEBUG] com.pcwk.ehr.mapper.DiaryMapper.deleteAll - <==    Updates: 1
[2026-01-06 14:35:29] [DEBUG] com.pcwk.ehr.mapper.UserMapper.deleteAll - ==>  Preparing: DELETE FROM users
[2026-01-06 14:35:29] [DEBUG] com.pcwk.ehr.mapper.UserMapper.deleteAll - ==> Parameters: 
[2026-01-06 14:35:29] [DEBUG] com.pcwk.ehr.mapper.UserMapper.deleteAll - <==    Updates: 1
[2026-01-06 14:35:29] [DEBUG] com.pcwk.ehr.mapper.UserMapper.doSave - ==>  Preparing: INSERT INTO users ( user_id, user_name, user_pw, user_tel, user_email, nickname, user_intro, last_rec_time, last_report_time, admin_chk ) VALUES ( ?, ?, ?, ?, ?, ?, ?, SYSDATE, SYSDATE, ? )
[2026-01-06 14:35:29] [DEBUG] com.pcwk.ehr.mapper.UserMapper.doSave - ==> Parameters: user01(String), 홍길동(String), 1234(String), 010-1111-1111(String), hong@gmail.com(String), 홍홍(String), 반가워요(String), N(String)
[2026-01-06 14:35:29] [DEBUG] com.pcwk.ehr.mapper.UserMapper.doSave - <==    Updates: 1
[2026-01-06 14:35:29] [DEBUG] com.pcwk.ehr.mapper.DiaryMapper.doSave!selectKey - ==>  Preparing: SELECT DIARY_SEQ.NEXTVAL FROM DUAL
[2026-01-06 14:35:29] [DEBUG] com.pcwk.ehr.mapper.DiaryMapper.doSave!selectKey - ==> Parameters: 
[2026-01-06 14:35:29] [DEBUG] com.pcwk.ehr.mapper.DiaryMapper.doSave!selectKey - <==      Total: 1
[2026-01-06 14:35:29] [DEBUG] com.pcwk.ehr.mapper.DiaryMapper.doSave - ==>  Preparing: INSERT INTO DIARY (DIARY_SID, DIARY_TITLE, DIARY_CONTENT, DIARY_VIEWCOUNT, DIARY_RECCOUNT, DIARY_STATUS, DIARY_CATEGORY, DIARY_UPLOADDATE, DIARY_UPDATE, REG_ID ) VALUES ( ?, ?, ?, 0, 0, ?, ?, sysdate, sysdate, ? )
[2026-01-06 14:35:29] [DEBUG] com.pcwk.ehr.mapper.DiaryMapper.doSave - ==> Parameters: 25298(Integer), 제목1(String), 내용1(String), Y(String), 10(Integer), user01(String)
[2026-01-06 14:35:29] [DEBUG] com.pcwk.ehr.mapper.DiaryMapper.doSave - <==    Updates: 1
[2026-01-06 14:35:29] [DEBUG] com.pcwk.ehr.mapper.DiaryMapper.doSelectOne - ==>  Preparing: SELECT diary_sid AS diarySid, diary_title AS diaryTitle, diary_content AS diaryContent, diary_viewcount AS diaryViewcount, diary_reccount AS diaryReccount, diary_status AS diaryStatus, diary_category AS diaryCategory, TO_CHAR(diary_uploaddate, 'YYYY-MM-DD HH24:MI:SS') AS diaryUploaddate, reg_id AS regId FROM diary WHERE diary_sid = ?
[2026-01-06 14:35:29] [DEBUG] com.pcwk.ehr.mapper.DiaryMapper.doSelectOne - ==> Parameters: 25298(Integer)
[2026-01-06 14:35:29] [DEBUG] com.pcwk.ehr.mapper.DiaryMapper.doSelectOne - <==      Total: 1
[2026-01-06 14:35:29] [DEBUG] com.pcwk.ehr.diary.DiaryServiceTest - beforeVO: diaryVO [diarySid=25298, diaryTitle=제목1, diaryContent=내용1, diaryViewCount=0, diaryRecCount=0, diaryStatus=Y, diaryCategory=10, diaryUploadDate=2026-01-06 14:35:29, diaryUpdate=null, regId=user01, toString()=DTO [no=0, totalCnt=0, pageSize=0, pageNo=0, searchDiv=null, searchWord=null]]
[2026-01-06 14:35:29] [DEBUG] com.pcwk.ehr.mapper.DiaryMapper.doSelectOne - ==>  Preparing: SELECT diary_sid AS diarySid, diary_title AS diaryTitle, diary_content AS diaryContent, diary_viewcount AS diaryViewcount, diary_reccount AS diaryReccount, diary_status AS diaryStatus, diary_category AS diaryCategory, TO_CHAR(diary_uploaddate, 'YYYY-MM-DD HH24:MI:SS') AS diaryUploaddate, reg_id AS regId FROM diary WHERE diary_sid = ?
[2026-01-06 14:35:29] [DEBUG] com.pcwk.ehr.mapper.DiaryMapper.doSelectOne - ==> Parameters: 25298(Integer)
[2026-01-06 14:35:29] [DEBUG] com.pcwk.ehr.mapper.DiaryMapper.doSelectOne - <==      Total: 1
[2026-01-06 14:35:29] [DEBUG] com.pcwk.ehr.diary.DiaryServiceTest - afterVO: 0
[2026-01-06 14:35:29] [DEBUG] com.pcwk.ehr.diary.DiaryServiceTest - ┌──────────────────────────┐
[2026-01-06 14:35:29] [DEBUG] com.pcwk.ehr.diary.DiaryServiceTest - │─tearDown()               │
[2026-01-06 14:35:29] [DEBUG] com.pcwk.ehr.diary.DiaryServiceTest - └──────────────────────────┘
[2026-01-06 14:35:29] [INFO ] com.zaxxer.hikari.HikariDataSource - HikariPool-1 - Shutdown initiated...
[2026-01-06 14:35:29] [INFO ] com.zaxxer.hikari.HikariDataSource - HikariPool-1 - Shutdown completed.
[2026-01-06 14:39:40] [INFO ] org.springframework.test.context.support.DefaultTestContextBootstrapper - Loaded default TestExecutionListener class names from location [META-INF/spring.factories]: [org.springframework.test.context.web.ServletTestExecutionListener, org.springframework.test.context.support.DirtiesContextBeforeModesTestExecutionListener, org.springframework.test.context.event.ApplicationEventsTestExecutionListener, org.springframework.test.context.support.DependencyInjectionTestExecutionListener, org.springframework.test.context.support.DirtiesContextTestExecutionListener, org.springframework.test.context.transaction.TransactionalTestExecutionListener, org.springframework.test.context.jdbc.SqlScriptsTestExecutionListener, org.springframework.test.context.event.EventPublishingTestExecutionListener]
[2026-01-06 14:39:40] [INFO ] org.springframework.test.context.support.DefaultTestContextBootstrapper - Using TestExecutionListeners: [org.springframework.test.context.web.ServletTestExecutionListener@5f8e8a9d, org.springframework.test.context.support.DirtiesContextBeforeModesTestExecutionListener@5745ca0e, org.springframework.test.context.event.ApplicationEventsTestExecutionListener@3ad83a66, org.springframework.test.context.support.DependencyInjectionTestExecutionListener@3cce5371, org.springframework.test.context.support.DirtiesContextTestExecutionListener@17bffc17, org.springframework.test.context.transaction.TransactionalTestExecutionListener@6e535154, org.springframework.test.context.jdbc.SqlScriptsTestExecutionListener@15a34df2, org.springframework.test.context.event.EventPublishingTestExecutionListener@5b38c1ec]
[2026-01-06 14:39:42] [DEBUG] com.pcwk.ehr.user.controller.UserController - ┌──────────────────────────┐
[2026-01-06 14:39:42] [DEBUG] com.pcwk.ehr.user.controller.UserController - │UserController()          │
[2026-01-06 14:39:42] [DEBUG] com.pcwk.ehr.user.controller.UserController - └──────────────────────────┘
[2026-01-06 14:39:42] [DEBUG] com.pcwk.ehr.diary.DiaryServiceTest - setup: 테스트 데이터 초기화
[2026-01-06 14:39:42] [DEBUG] com.pcwk.ehr.diary.DiaryServiceTest - ┌---------------------------┐
[2026-01-06 14:39:42] [DEBUG] com.pcwk.ehr.diary.DiaryServiceTest - │doSelectOne()             │
[2026-01-06 14:39:42] [DEBUG] com.pcwk.ehr.diary.DiaryServiceTest - └---------------------------┘
[2026-01-06 14:39:42] [INFO ] com.zaxxer.hikari.HikariDataSource - HikariPool-1 - Starting...
[2026-01-06 14:39:42] [WARN ] com.zaxxer.hikari.util.DriverDataSource - Registered driver with driverClassName=oracle.jdbc.driver.OracleDriver was not found, trying direct instantiation.
[2026-01-06 14:39:44] [INFO ] com.zaxxer.hikari.HikariDataSource - HikariPool-1 - Start completed.
[2026-01-06 14:39:44] [DEBUG] com.pcwk.ehr.mapper.DiaryMapper.deleteAll - ==>  Preparing: DELETE FROM diary
[2026-01-06 14:39:44] [DEBUG] com.pcwk.ehr.mapper.DiaryMapper.deleteAll - ==> Parameters: 
[2026-01-06 14:39:44] [DEBUG] com.pcwk.ehr.mapper.DiaryMapper.deleteAll - <==    Updates: 1
[2026-01-06 14:39:44] [DEBUG] com.pcwk.ehr.mapper.UserMapper.deleteAll - ==>  Preparing: DELETE FROM users
[2026-01-06 14:39:44] [DEBUG] com.pcwk.ehr.mapper.UserMapper.deleteAll - ==> Parameters: 
[2026-01-06 14:39:44] [DEBUG] com.pcwk.ehr.mapper.UserMapper.deleteAll - <==    Updates: 1
[2026-01-06 14:39:44] [DEBUG] com.pcwk.ehr.mapper.UserMapper.doSave - ==>  Preparing: INSERT INTO users ( user_id, user_name, user_pw, user_tel, user_email, nickname, user_intro, last_rec_time, last_report_time, admin_chk ) VALUES ( ?, ?, ?, ?, ?, ?, ?, SYSDATE, SYSDATE, ? )
[2026-01-06 14:39:45] [DEBUG] com.pcwk.ehr.mapper.UserMapper.doSave - ==> Parameters: user01(String), 홍길동(String), 1234(String), 010-1111-1111(String), hong@gmail.com(String), 홍홍(String), 반가워요(String), N(String)
[2026-01-06 14:39:45] [DEBUG] com.pcwk.ehr.mapper.UserMapper.doSave - <==    Updates: 1
[2026-01-06 14:39:45] [DEBUG] com.pcwk.ehr.mapper.DiaryMapper.doSave!selectKey - ==>  Preparing: SELECT DIARY_SEQ.NEXTVAL FROM DUAL
[2026-01-06 14:39:45] [DEBUG] com.pcwk.ehr.mapper.DiaryMapper.doSave!selectKey - ==> Parameters: 
[2026-01-06 14:39:45] [DEBUG] com.pcwk.ehr.mapper.DiaryMapper.doSave!selectKey - <==      Total: 1
[2026-01-06 14:39:45] [DEBUG] com.pcwk.ehr.mapper.DiaryMapper.doSave - ==>  Preparing: INSERT INTO DIARY (DIARY_SID, DIARY_TITLE, DIARY_CONTENT, DIARY_VIEWCOUNT, DIARY_RECCOUNT, DIARY_STATUS, DIARY_CATEGORY, DIARY_UPLOADDATE, DIARY_UPDATE, REG_ID ) VALUES ( ?, ?, ?, 0, 0, ?, ?, sysdate, sysdate, ? )
[2026-01-06 14:39:45] [DEBUG] com.pcwk.ehr.mapper.DiaryMapper.doSave - ==> Parameters: 25299(Integer), 제목1(String), 내용1(String), Y(String), 10(Integer), user01(String)
[2026-01-06 14:39:45] [DEBUG] com.pcwk.ehr.mapper.DiaryMapper.doSave - <==    Updates: 1
[2026-01-06 14:39:45] [DEBUG] com.pcwk.ehr.mapper.DiaryMapper.doSelectOne - ==>  Preparing: SELECT diary_sid AS diarySid, diary_title AS diaryTitle, diary_content AS diaryContent, diary_viewcount AS diaryViewcount, diary_reccount AS diaryReccount, diary_status AS diaryStatus, diary_category AS diaryCategory, TO_CHAR(diary_uploaddate, 'YYYY-MM-DD HH24:MI:SS') AS diaryUploaddate, reg_id AS regId FROM diary WHERE diary_sid = ?
[2026-01-06 14:39:45] [DEBUG] com.pcwk.ehr.mapper.DiaryMapper.doSelectOne - ==> Parameters: 25299(Integer)
[2026-01-06 14:39:45] [DEBUG] com.pcwk.ehr.mapper.DiaryMapper.doSelectOne - <==      Total: 1
[2026-01-06 14:39:45] [DEBUG] com.pcwk.ehr.diary.DiaryServiceTest - beforeVO: diaryVO [diarySid=25299, diaryTitle=제목1, diaryContent=내용1, diaryViewCount=0, diaryRecCount=0, diaryStatus=Y, diaryCategory=10, diaryUploadDate=2026-01-06 14:39:45, diaryUpdate=null, regId=user01, toString()=DTO [no=0, totalCnt=0, pageSize=0, pageNo=0, searchDiv=null, searchWord=null]]
[2026-01-06 14:39:45] [DEBUG] com.pcwk.ehr.mapper.DiaryMapper.doSelectOne - ==>  Preparing: SELECT diary_sid AS diarySid, diary_title AS diaryTitle, diary_content AS diaryContent, diary_viewcount AS diaryViewcount, diary_reccount AS diaryReccount, diary_status AS diaryStatus, diary_category AS diaryCategory, TO_CHAR(diary_uploaddate, 'YYYY-MM-DD HH24:MI:SS') AS diaryUploaddate, reg_id AS regId FROM diary WHERE diary_sid = ?
[2026-01-06 14:39:45] [DEBUG] com.pcwk.ehr.mapper.DiaryMapper.doSelectOne - ==> Parameters: 25299(Integer)
[2026-01-06 14:39:45] [DEBUG] com.pcwk.ehr.mapper.DiaryMapper.doSelectOne - <==      Total: 1
[2026-01-06 14:39:45] [DEBUG] com.pcwk.ehr.diary.DiaryServiceTest - afterVO: diaryVO [diarySid=25299, diaryTitle=제목1, diaryContent=내용1, diaryViewCount=0, diaryRecCount=0, diaryStatus=Y, diaryCategory=10, diaryUploadDate=2026-01-06 14:39:45, diaryUpdate=null, regId=user01, toString()=DTO [no=0, totalCnt=0, pageSize=0, pageNo=0, searchDiv=null, searchWord=null]]
[2026-01-06 14:39:45] [DEBUG] com.pcwk.ehr.diary.DiaryServiceTest - ┌──────────────────────────┐
[2026-01-06 14:39:45] [DEBUG] com.pcwk.ehr.diary.DiaryServiceTest - │─tearDown()               │
[2026-01-06 14:39:45] [DEBUG] com.pcwk.ehr.diary.DiaryServiceTest - └──────────────────────────┘
[2026-01-06 14:39:45] [INFO ] com.zaxxer.hikari.HikariDataSource - HikariPool-1 - Shutdown initiated...
[2026-01-06 14:39:45] [INFO ] com.zaxxer.hikari.HikariDataSource - HikariPool-1 - Shutdown completed.
[2026-01-06 14:43:07] [INFO ] org.springframework.test.context.support.DefaultTestContextBootstrapper - Loaded default TestExecutionListener class names from location [META-INF/spring.factories]: [org.springframework.test.context.web.ServletTestExecutionListener, org.springframework.test.context.support.DirtiesContextBeforeModesTestExecutionListener, org.springframework.test.context.event.ApplicationEventsTestExecutionListener, org.springframework.test.context.support.DependencyInjectionTestExecutionListener, org.springframework.test.context.support.DirtiesContextTestExecutionListener, org.springframework.test.context.transaction.TransactionalTestExecutionListener, org.springframework.test.context.jdbc.SqlScriptsTestExecutionListener, org.springframework.test.context.event.EventPublishingTestExecutionListener]
[2026-01-06 14:43:07] [INFO ] org.springframework.test.context.support.DefaultTestContextBootstrapper - Using TestExecutionListeners: [org.springframework.test.context.web.ServletTestExecutionListener@5f8e8a9d, org.springframework.test.context.support.DirtiesContextBeforeModesTestExecutionListener@5745ca0e, org.springframework.test.context.event.ApplicationEventsTestExecutionListener@3ad83a66, org.springframework.test.context.support.DependencyInjectionTestExecutionListener@3cce5371, org.springframework.test.context.support.DirtiesContextTestExecutionListener@17bffc17, org.springframework.test.context.transaction.TransactionalTestExecutionListener@6e535154, org.springframework.test.context.jdbc.SqlScriptsTestExecutionListener@15a34df2, org.springframework.test.context.event.EventPublishingTestExecutionListener@5b38c1ec]
[2026-01-06 14:43:09] [DEBUG] com.pcwk.ehr.user.controller.UserController - ┌──────────────────────────┐
[2026-01-06 14:43:09] [DEBUG] com.pcwk.ehr.user.controller.UserController - │UserController()          │
[2026-01-06 14:43:09] [DEBUG] com.pcwk.ehr.user.controller.UserController - └──────────────────────────┘
[2026-01-06 14:43:09] [DEBUG] com.pcwk.ehr.diary.DiaryServiceTest - setup: 테스트 데이터 초기화
[2026-01-06 14:43:09] [DEBUG] com.pcwk.ehr.diary.DiaryServiceTest - ┌---------------------------┐
[2026-01-06 14:43:09] [DEBUG] com.pcwk.ehr.diary.DiaryServiceTest - │doSelectOne()             │
[2026-01-06 14:43:09] [DEBUG] com.pcwk.ehr.diary.DiaryServiceTest - └---------------------------┘
[2026-01-06 14:43:09] [INFO ] com.zaxxer.hikari.HikariDataSource - HikariPool-1 - Starting...
[2026-01-06 14:43:09] [WARN ] com.zaxxer.hikari.util.DriverDataSource - Registered driver with driverClassName=oracle.jdbc.driver.OracleDriver was not found, trying direct instantiation.
[2026-01-06 14:43:11] [INFO ] com.zaxxer.hikari.HikariDataSource - HikariPool-1 - Start completed.
[2026-01-06 14:43:11] [DEBUG] com.pcwk.ehr.mapper.DiaryMapper.deleteAll - ==>  Preparing: DELETE FROM diary
[2026-01-06 14:43:11] [DEBUG] com.pcwk.ehr.mapper.DiaryMapper.deleteAll - ==> Parameters: 
[2026-01-06 14:43:11] [DEBUG] com.pcwk.ehr.mapper.DiaryMapper.deleteAll - <==    Updates: 1
[2026-01-06 14:43:11] [DEBUG] com.pcwk.ehr.mapper.UserMapper.deleteAll - ==>  Preparing: DELETE FROM users
[2026-01-06 14:43:11] [DEBUG] com.pcwk.ehr.mapper.UserMapper.deleteAll - ==> Parameters: 
[2026-01-06 14:43:11] [DEBUG] com.pcwk.ehr.mapper.UserMapper.deleteAll - <==    Updates: 1
[2026-01-06 14:43:11] [DEBUG] com.pcwk.ehr.mapper.UserMapper.doSave - ==>  Preparing: INSERT INTO users ( user_id, user_name, user_pw, user_tel, user_email, nickname, user_intro, last_rec_time, last_report_time, admin_chk ) VALUES ( ?, ?, ?, ?, ?, ?, ?, SYSDATE, SYSDATE, ? )
[2026-01-06 14:43:11] [DEBUG] com.pcwk.ehr.mapper.UserMapper.doSave - ==> Parameters: user01(String), 홍길동(String), 1234(String), 010-1111-1111(String), hong@gmail.com(String), 홍홍(String), 반가워요(String), N(String)
[2026-01-06 14:43:11] [DEBUG] com.pcwk.ehr.mapper.UserMapper.doSave - <==    Updates: 1
[2026-01-06 14:43:11] [DEBUG] com.pcwk.ehr.mapper.DiaryMapper.doSave!selectKey - ==>  Preparing: SELECT DIARY_SEQ.NEXTVAL FROM DUAL
[2026-01-06 14:43:11] [DEBUG] com.pcwk.ehr.mapper.DiaryMapper.doSave!selectKey - ==> Parameters: 
[2026-01-06 14:43:11] [DEBUG] com.pcwk.ehr.mapper.DiaryMapper.doSave!selectKey - <==      Total: 1
[2026-01-06 14:43:11] [DEBUG] com.pcwk.ehr.mapper.DiaryMapper.doSave - ==>  Preparing: INSERT INTO DIARY (DIARY_SID, DIARY_TITLE, DIARY_CONTENT, DIARY_VIEWCOUNT, DIARY_RECCOUNT, DIARY_STATUS, DIARY_CATEGORY, DIARY_UPLOADDATE, DIARY_UPDATE, REG_ID ) VALUES ( ?, ?, ?, 0, 0, ?, ?, sysdate, sysdate, ? )
[2026-01-06 14:43:11] [DEBUG] com.pcwk.ehr.mapper.DiaryMapper.doSave - ==> Parameters: 25300(Integer), 제목1(String), 내용1(String), Y(String), 10(Integer), user01(String)
[2026-01-06 14:43:11] [DEBUG] com.pcwk.ehr.mapper.DiaryMapper.doSave - <==    Updates: 1
[2026-01-06 14:43:11] [DEBUG] com.pcwk.ehr.mapper.DiaryMapper.doSelectOne - ==>  Preparing: SELECT diary_sid AS diarySid, diary_title AS diaryTitle, diary_content AS diaryContent, diary_viewcount AS diaryViewcount, diary_reccount AS diaryReccount, diary_status AS diaryStatus, diary_category AS diaryCategory, TO_CHAR(diary_uploaddate, 'YYYY-MM-DD HH24:MI:SS') AS diaryUploaddate, reg_id AS regId FROM diary WHERE diary_sid = ?
[2026-01-06 14:43:11] [DEBUG] com.pcwk.ehr.mapper.DiaryMapper.doSelectOne - ==> Parameters: 25300(Integer)
[2026-01-06 14:43:11] [DEBUG] com.pcwk.ehr.mapper.DiaryMapper.doSelectOne - <==      Total: 1
[2026-01-06 14:43:11] [DEBUG] com.pcwk.ehr.diary.DiaryServiceTest - beforeVO: diaryVO [diarySid=25300, diaryTitle=제목1, diaryContent=내용1, diaryViewCount=0, diaryRecCount=0, diaryStatus=Y, diaryCategory=10, diaryUploadDate=2026-01-06 14:43:11, diaryUpdate=null, regId=user01, toString()=DTO [no=0, totalCnt=0, pageSize=0, pageNo=0, searchDiv=null, searchWord=null]]
[2026-01-06 14:43:11] [DEBUG] com.pcwk.ehr.diary.service.DiaryServiceImpl - ┌---------------------------┐
[2026-01-06 14:43:11] [DEBUG] com.pcwk.ehr.diary.service.DiaryServiceImpl - │upDoSelectOne param: diaryVO [diarySid=25300, diaryTitle=제목1, diaryContent=내용1, diaryViewCount=0, diaryRecCount=0, diaryStatus=Y, diaryCategory=10, diaryUploadDate=임시reg_dt, diaryUpdate=임시update, regId=user01, toString()=DTO [no=0, totalCnt=0, pageSize=0, pageNo=0, searchDiv=null, searchWord=null]]
[2026-01-06 14:43:11] [DEBUG] com.pcwk.ehr.diary.service.DiaryServiceImpl - └---------------------------┘
[2026-01-06 14:43:11] [DEBUG] com.pcwk.ehr.mapper.DiaryMapper.updateViewCount - ==>  Preparing: UPDATE diary SET diary_viewcount = diary_viewcount + 1 WHERE diary_sid = ?
[2026-01-06 14:43:11] [DEBUG] com.pcwk.ehr.mapper.DiaryMapper.updateViewCount - ==> Parameters: 25300(Integer)
[2026-01-06 14:43:11] [DEBUG] com.pcwk.ehr.mapper.DiaryMapper.updateViewCount - <==    Updates: 1
[2026-01-06 14:43:11] [DEBUG] com.pcwk.ehr.diary.service.DiaryServiceImpl - flag : 1
[2026-01-06 14:43:11] [DEBUG] com.pcwk.ehr.mapper.DiaryMapper.doSelectOne - ==>  Preparing: SELECT diary_sid AS diarySid, diary_title AS diaryTitle, diary_content AS diaryContent, diary_viewcount AS diaryViewcount, diary_reccount AS diaryReccount, diary_status AS diaryStatus, diary_category AS diaryCategory, TO_CHAR(diary_uploaddate, 'YYYY-MM-DD HH24:MI:SS') AS diaryUploaddate, reg_id AS regId FROM diary WHERE diary_sid = ?
[2026-01-06 14:43:11] [DEBUG] com.pcwk.ehr.mapper.DiaryMapper.doSelectOne - ==> Parameters: 25300(Integer)
[2026-01-06 14:43:11] [DEBUG] com.pcwk.ehr.mapper.DiaryMapper.doSelectOne - <==      Total: 1
[2026-01-06 14:43:11] [DEBUG] com.pcwk.ehr.diary.DiaryServiceTest - afterVO: diaryVO [diarySid=25300, diaryTitle=제목1, diaryContent=내용1, diaryViewCount=1, diaryRecCount=0, diaryStatus=Y, diaryCategory=10, diaryUploadDate=2026-01-06 14:43:11, diaryUpdate=null, regId=user01, toString()=DTO [no=0, totalCnt=0, pageSize=0, pageNo=0, searchDiv=null, searchWord=null]]
[2026-01-06 14:43:11] [DEBUG] com.pcwk.ehr.diary.DiaryServiceTest - ┌──────────────────────────┐
[2026-01-06 14:43:11] [DEBUG] com.pcwk.ehr.diary.DiaryServiceTest - │─tearDown()               │
[2026-01-06 14:43:11] [DEBUG] com.pcwk.ehr.diary.DiaryServiceTest - └──────────────────────────┘
[2026-01-06 14:43:11] [INFO ] com.zaxxer.hikari.HikariDataSource - HikariPool-1 - Shutdown initiated...
[2026-01-06 14:43:11] [INFO ] com.zaxxer.hikari.HikariDataSource - HikariPool-1 - Shutdown completed.
